WARNING  2026-08-12 12:29:06 [pytest_result_log:122] : ---------Start: script/test_ui_add_admin.py::TestAdmin::test_add_admin----------
INFO     2026-08-12 12:29:08 [pytest_result_log:190] : test status is PASSED (script/test_ui_add_admin.py::TestAdmin::test_add_admin): 
WARNING  2026-08-12 12:29:08 [pytest_result_log:128] : ----------End: script/test_ui_add_admin.py::TestAdmin::test_add_admin-----------
